// Jest Snapshot v1, https://goo.gl/fbAQLP

exports[`repo render test 1`] = `
<View
  style={
    Object {
      "alignItems": "center",
      "flex": 1,
      "flexDirection": "column",
      "justifyContent": "center",
    }
  }
>
  <View
    style={
      Object {
        "backgroundColor": "transparent",
        "position": "relative",
      }
    }
  >
    <Image
      onLoadEnd={[Function]}
      source={
        Object {
          "testUri": "../../../App/Images/BG2.jpg",
        }
      }
      style={
        Object {
          "flex": 1,
          "resizeMode": "cover",
        }
      }
      theme={
        Object {
          "colors": Object {
            "disabled": "hsl(208, 8%, 90%)",
            "divider": "#bcbbc1",
            "error": "#ff190c",
            "grey0": "#393e42",
            "grey1": "#43484d",
            "grey2": "#5e6977",
            "grey3": "#86939e",
            "grey4": "#bdc6cf",
            "grey5": "#e1e8ee",
            "greyOutline": "#bbb",
            "platform": Object {
              "android": Object {
                "error": "#f44336",
                "primary": "#2196f3",
                "secondary": "#9C27B0",
                "success": "#4caf50",
                "warning": "#ffeb3b",
              },
              "ios": Object {
                "error": "#ff3b30",
                "primary": "#007aff",
                "secondary": "#5856d6",
                "success": "#4cd964",
                "warning": "#ffcc00",
              },
            },
            "primary": "#2089dc",
            "searchBg": "#303337",
            "secondary": "#8F0CE8",
            "success": "#52c41a",
            "warning": "#faad14",
          },
        }
      }
    />
    <View
      style={
        Object {
          "bottom": 0,
          "left": 0,
          "opacity": 1,
          "position": "absolute",
          "right": 0,
          "top": 0,
        }
      }
    >
      <View
        style={
          Object {
            "alignItems": "center",
            "backgroundColor": "#bdbdbd",
            "flex": 1,
            "justifyContent": "center",
            "resizeMode": "cover",
          }
        }
        testID="RNE__Image__placeholder"
      />
    </View>
  </View>
  <View
    style={
      Object {
        "alignItems": "center",
        "flex": 1,
        "height": "100%",
        "justifyContent": "center",
        "position": "absolute",
        "top": 0,
        "width": "100%",
      }
    }
  >
    <View
      style={
        Object {
          "alignItems": "center",
          "backgroundColor": "rgba(255,255,255, 0.75)",
          "borderColor": "#3b5998",
          "borderRadius": 4,
          "borderWidth": 1,
          "height": "85%",
          "justifyContent": "center",
          "left": 0,
          "padding": 10,
          "right": 0,
          "top": 0,
          "width": "85%",
        }
      }
    >
      <Text
        style={
          Object {
            "fontSize": 28,
            "fontWeight": "bold",
            "marginBottom": 20,
          }
        }
        theme={
          Object {
            "colors": Object {
              "disabled": "hsl(208, 8%, 90%)",
              "divider": "#bcbbc1",
              "error": "#ff190c",
              "grey0": "#393e42",
              "grey1": "#43484d",
              "grey2": "#5e6977",
              "grey3": "#86939e",
              "grey4": "#bdc6cf",
              "grey5": "#e1e8ee",
              "greyOutline": "#bbb",
              "platform": Object {
                "android": Object {
                  "error": "#f44336",
                  "primary": "#2196f3",
                  "secondary": "#9C27B0",
                  "success": "#4caf50",
                  "warning": "#ffeb3b",
                },
                "ios": Object {
                  "error": "#ff3b30",
                  "primary": "#007aff",
                  "secondary": "#5856d6",
                  "success": "#4cd964",
                  "warning": "#ffcc00",
                },
              },
              "primary": "#2089dc",
              "searchBg": "#303337",
              "secondary": "#8F0CE8",
              "success": "#52c41a",
              "warning": "#faad14",
            },
          }
        }
      >
        Commits
      </Text>
      <Text
        style={
          Object {
            "fontSize": 13,
            "fontWeight": "bold",
            "marginBottom": 20,
          }
        }
        theme={
          Object {
            "colors": Object {
              "disabled": "hsl(208, 8%, 90%)",
              "divider": "#bcbbc1",
              "error": "#ff190c",
              "grey0": "#393e42",
              "grey1": "#43484d",
              "grey2": "#5e6977",
              "grey3": "#86939e",
              "grey4": "#bdc6cf",
              "grey5": "#e1e8ee",
              "greyOutline": "#bbb",
              "platform": Object {
                "android": Object {
                  "error": "#f44336",
                  "primary": "#2196f3",
                  "secondary": "#9C27B0",
                  "success": "#4caf50",
                  "warning": "#ffeb3b",
                },
                "ios": Object {
                  "error": "#ff3b30",
                  "primary": "#007aff",
                  "secondary": "#5856d6",
                  "success": "#4cd964",
                  "warning": "#ffcc00",
                },
              },
              "primary": "#2089dc",
              "searchBg": "#303337",
              "secondary": "#8F0CE8",
              "success": "#52c41a",
              "warning": "#faad14",
            },
          }
        }
      >
        facebook/react-native
      </Text>
      <View
        style={
          Array [
            Object {
              "aspectRatio": 1,
            },
            undefined,
            Object {
              "height": 75,
              "width": 75,
            },
          ]
        }
      >
        <View
          autoPlay={true}
          enableMergePathsAndroidForKitKatAndAbove={false}
          loop={true}
          onAnimationFinish={[Function]}
          progress={0}
          resizeMode="contain"
          sourceJson="{\\"v\\":\\"4.7.0\\",\\"fr\\":30,\\"ip\\":0,\\"op\\":480,\\"w\\":1024,\\"h\\":1024,\\"nm\\":\\"UplabLogoLoaderGradient\\",\\"ddd\\":0,\\"assets\\":[],\\"layers\\":[{\\"ddd\\":0,\\"ind\\":1,\\"ty\\":3,\\"nm\\":\\"LoaderMainScale\\",\\"ks\\":{\\"o\\":{\\"a\\":0,\\"k\\":0},\\"r\\":{\\"a\\":0,\\"k\\":0},\\"p\\":{\\"a\\":0,\\"k\\":[512,512,0]},\\"a\\":{\\"a\\":0,\\"k\\":[0,0,0]},\\"s\\":{\\"a\\":0,\\"k\\":[200,200,100]}},\\"ao\\":0,\\"ip\\":0,\\"op\\":480,\\"st\\":0,\\"bm\\":0,\\"sr\\":1},{\\"ddd\\":0,\\"ind\\":2,\\"ty\\":4,\\"nm\\":\\"UP_animation 3\\",\\"parent\\":1,\\"ks\\":{\\"o\\":{\\"a\\":0,\\"k\\":100},\\"r\\":{\\"a\\":1,\\"k\\":[{\\"i\\":{\\"x\\":[0.833],\\"y\\":[0.833]},\\"o\\":{\\"x\\":[0.167],\\"y\\":[0.167]},\\"n\\":[\\"0p833_0p833_0p167_0p167\\"],\\"t\\":0,\\"s\\":[1620],\\"e\\":[1620]},{\\"t\\":479}]},\\"p\\":{\\"a\\":0,\\"k\\":[0,0,0]},\\"a\\":{\\"a\\":0,\\"k\\":[484.533,509.217,0]},\\"s\\":{\\"a\\":0,\\"k\\":[100,100,100]}},\\"ao\\":0,\\"shapes\\":[{\\"ty\\":\\"gr\\",\\"it\\":[{\\"ty\\":\\"gr\\",\\"it\\":[{\\"ind\\":0,\\"ty\\":\\"sh\\",\\"ix\\":1,\\"ks\\":{\\"a\\":0,\\"k\\":{\\"i\\":[[0,-79.372],[78.958,0],[0,79.372],[-78.958,0]],\\"o\\":[[0,79.372],[-78.958,0],[0,-79.372],[78.958,0]],\\"v\\":[[141.029,4.215],[-1.938,147.929],[-144.906,4.215],[-1.938,-139.5]],\\"c\\":true}},\\"nm\\":\\"Path 1\\",\\"mn\\":\\"ADBE Vector Shape - Group\\"},{\\"ty\\":\\"tm\\",\\"s\\":{\\"a\\":1,\\"k\\":[{\\"i\\":{\\"x\\":[0.667],\\"y\\":[1]},\\"o\\":{\\"x\\":[0.333],\\"y\\":[0]},\\"n\\":[\\"0p667_1_0p333_0\\"],\\"t\\":0,\\"s\\":[99.8],\\"e\\":[59]},{\\"i\\":{\\"x\\":[0.667],\\"y\\":[1]},\\"o\\":{\\"x\\":[0.333],\\"y\\":[0]},\\"n\\":[\\"0p667_1_0p333_0\\"],\\"t\\":59.875,\\"s\\":[59],\\"e\\":[99.8]},{\\"i\\":{\\"x\\":[0.667],\\"y\\":[1]},\\"o\\":{\\"x\\":[0.333],\\"y\\":[0]},\\"n\\":[\\"0p667_1_0p333_0\\"],\\"t\\":119.999,\\"s\\":[99.8],\\"e\\":[59]},{\\"i\\":{\\"x\\":[0.667],\\"y\\":[1]},\\"o\\":{\\"x\\":[0.333],\\"y\\":[0]},\\"n\\":[\\"0p667_1_0p333_0\\"],\\"t\\":179.625,\\"s\\":[59],\\"e\\":[99.8]},{\\"i\\":{\\"x\\":[0.667],\\"y\\":[1]},\\"o\\":{\\"x\\":[0.333],\\"y\\":[0]},\\"n\\":[\\"0p667_1_0p333_0\\"],\\"t\\":240,\\"s\\":[99.8],\\"e\\":[59]},{\\"i\\":{\\"x\\":[0.667],\\"y\\":[1]},\\"o\\":{\\"x\\":[0.333],\\"y\\":[0]},\\"n\\":[\\"0p667_1_0p333_0\\"],\\"t\\":299.375,\\"s\\":[59],\\"e\\":[99.8]},{\\"i\\":{\\"x\\":[0.667],\\"y\\":[1]},\\"o\\":{\\"x\\":[0.333],\\"y\\":[0]},\\"n\\":[\\"0p667_1_0p333_0\\"],\\"t\\":358.75,\\"s\\":[99.8],\\"e\\":[59]},{\\"i\\":{\\"x\\":[0.667],\\"y\\":[1]},\\"o\\":{\\"x\\":[0.333],\\"y\\":[0]},\\"n\\":[\\"0p667_1_0p333_0\\"],\\"t\\":419.125,\\"s\\":[59],\\"e\\":[99.8]},{\\"t\\":478.75}],\\"ix\\":1},\\"e\\":{\\"a\\":0,\\"k\\":100,\\"ix\\":2},\\"o\\":{\\"a\\":1,\\"k\\":[{\\"i\\":{\\"x\\":[0.667],\\"y\\":[1]},\\"o\\":{\\"x\\":[0.219],\\"y\\":[0.001]},\\"n\\":[\\"0p667_1_0p219_0p001\\"],\\"t\\":0,\\"s\\":[0],\\"e\\":[360.025]},{\\"i\\":{\\"x\\":[0.667],\\"y\\":[1]},\\"o\\":{\\"x\\":[0.219],\\"y\\":[0.001]},\\"n\\":[\\"0p667_1_0p219_0p001\\"],\\"t\\":119.999,\\"s\\":[360.025],\\"e\\":[720]},{\\"i\\":{\\"x\\":[0.667],\\"y\\":[1]},\\"o\\":{\\"x\\":[0.219],\\"y\\":[0.001]},\\"n\\":[\\"0p667_1_0p219_0p001\\"],\\"t\\":239.499,\\"s\\":[720],\\"e\\":[1080]},{\\"i\\":{\\"x\\":[0.667],\\"y\\":[1]},\\"o\\":{\\"x\\":[0.219],\\"y\\":[0.001]},\\"n\\":[\\"0p667_1_0p219_0p001\\"],\\"t\\":359.25,\\"s\\":[1080],\\"e\\":[1440]},{\\"t\\":479}],\\"ix\\":3},\\"m\\":1,\\"ix\\":2,\\"nm\\":\\"Trim Paths 1\\",\\"mn\\":\\"ADBE Vector Filter - Trim\\"},{\\"ty\\":\\"tr\\",\\"p\\":{\\"a\\":0,\\"k\\":[486.471,505.002],\\"ix\\":2},\\"a\\":{\\"a\\":0,\\"k\\":[0,0],\\"ix\\":1},\\"s\\":{\\"a\\":0,\\"k\\":[100,100],\\"ix\\":3},\\"r\\":{\\"a\\":0,\\"k\\":0,\\"ix\\":6},\\"o\\":{\\"a\\":0,\\"k\\":100,\\"ix\\":7},\\"sk\\":{\\"a\\":0,\\"k\\":0,\\"ix\\":4},\\"sa\\":{\\"a\\":0,\\"k\\":0,\\"ix\\":5},\\"nm\\":\\"Transform\\"}],\\"nm\\":\\"UP\\",\\"np\\":2,\\"cix\\":2,\\"ix\\":1,\\"mn\\":\\"ADBE Vector Group\\"},{\\"ty\\":\\"gs\\",\\"o\\":{\\"a\\":0,\\"k\\":100},\\"w\\":{\\"a\\":0,\\"k\\":1},\\"g\\":{\\"p\\":3,\\"k\\":{\\"a\\":0,\\"k\\":[0,0.216,0.925,0.729,0.5,0.331,0.806,0.778,1,0.447,0.686,0.827]}},\\"s\\":{\\"a\\":0,\\"k\\":[0,0]},\\"e\\":{\\"a\\":0,\\"k\\":[100,0]},\\"t\\":1,\\"lc\\":2,\\"lj\\":1,\\"ml\\":10,\\"nm\\":\\"Gradient Stroke 1\\",\\"mn\\":\\"ADBE Vector Graphic - G-Stroke\\"},{\\"ty\\":\\"tr\\",\\"p\\":{\\"a\\":0,\\"k\\":[486.42,515.975],\\"ix\\":2},\\"a\\":{\\"a\\":0,\\"k\\":[486.42,515.975],\\"ix\\":1},\\"s\\":{\\"a\\":0,\\"k\\":[100,100],\\"ix\\":3},\\"r\\":{\\"a\\":0,\\"k\\":0,\\"ix\\":6},\\"o\\":{\\"a\\":0,\\"k\\":100,\\"ix\\":7},\\"sk\\":{\\"a\\":0,\\"k\\":0,\\"ix\\":4},\\"sa\\":{\\"a\\":0,\\"k\\":0,\\"ix\\":5},\\"nm\\":\\"Transform\\"}],\\"nm\\":\\"Color_03\\",\\"np\\":2,\\"cix\\":2,\\"ix\\":1,\\"mn\\":\\"ADBE Vector Group\\"},{\\"ty\\":\\"gr\\",\\"it\\":[{\\"ty\\":\\"gr\\",\\"it\\":[{\\"ind\\":0,\\"ty\\":\\"sh\\",\\"ix\\":1,\\"ks\\":{\\"a\\":0,\\"k\\":{\\"i\\":[[0,-79.372],[78.958,0],[0,79.372],[-78.958,0]],\\"o\\":[[0,79.372],[-78.958,0],[0,-79.372],[78.958,0]],\\"v\\":[[141.029,4.215],[-1.938,147.929],[-144.906,4.215],[-1.938,-139.5]],\\"c\\":true}},\\"nm\\":\\"Path 1\\",\\"mn\\":\\"ADBE Vector Shape - Group\\"},{\\"ty\\":\\"tm\\",\\"s\\":{\\"a\\":1,\\"k\\":[{\\"i\\":{\\"x\\":[0.667],\\"y\\":[1]},\\"o\\":{\\"x\\":[0.333],\\"y\\":[0]},\\"n\\":[\\"0p667_1_0p333_0\\"],\\"t\\":0,\\"s\\":[99.8],\\"e\\":[59]},{\\"i\\":{\\"x\\":[0.667],\\"y\\":[1]},\\"o\\":{\\"x\\":[0.333],\\"y\\":[0]},\\"n\\":[\\"0p667_1_0p333_0\\"],\\"t\\":47.9,\\"s\\":[59],\\"e\\":[99.8]},{\\"i\\":{\\"x\\":[0.667],\\"y\\":[1]},\\"o\\":{\\"x\\":[0.333],\\"y\\":[0]},\\"n\\":[\\"0p667_1_0p333_0\\"],\\"t\\":96,\\"s\\":[99.8],\\"e\\":[59]},{\\"i\\":{\\"x\\":[0.667],\\"y\\":[1]},\\"o\\":{\\"x\\":[0.333],\\"y\\":[0]},\\"n\\":[\\"0p667_1_0p333_0\\"],\\"t\\":143.7,\\"s\\":[59],\\"e\\":[99.8]},{\\"i\\":{\\"x\\":[0.667],\\"y\\":[1]},\\"o\\":{\\"x\\":[0.333],\\"y\\":[0]},\\"n\\":[\\"0p667_1_0p333_0\\"],\\"t\\":192,\\"s\\":[99.8],\\"e\\":[59]},{\\"i\\":{\\"x\\":[0.667],\\"y\\":[1]},\\"o\\":{\\"x\\":[0.333],\\"y\\":[0]},\\"n\\":[\\"0p667_1_0p333_0\\"],\\"t\\":239.5,\\"s\\":[59],\\"e\\":[99.8]},{\\"i\\":{\\"x\\":[0.667],\\"y\\":[1]},\\"o\\":{\\"x\\":[0.333],\\"y\\":[0]},\\"n\\":[\\"0p667_1_0p333_0\\"],\\"t\\":287,\\"s\\":[99.8],\\"e\\":[59]},{\\"i\\":{\\"x\\":[0.667],\\"y\\":[1]},\\"o\\":{\\"x\\":[0.333],\\"y\\":[0]},\\"n\\":[\\"0p667_1_0p333_0\\"],\\"t\\":335.3,\\"s\\":[59],\\"e\\":[99.8]},{\\"i\\":{\\"x\\":[0.667],\\"y\\":[1]},\\"o\\":{\\"x\\":[0.333],\\"y\\":[0]},\\"n\\":[\\"0p667_1_0p333_0\\"],\\"t\\":383,\\"s\\":[99.8],\\"e\\":[59]},{\\"i\\":{\\"x\\":[0.667],\\"y\\":[1]},\\"o\\":{\\"x\\":[0.333],\\"y\\":[0]},\\"n\\":[\\"0p667_1_0p333_0\\"],\\"t\\":431.1,\\"s\\":[59],\\"e\\":[99.8]},{\\"t\\":479}],\\"ix\\":1},\\"e\\":{\\"a\\":0,\\"k\\":100,\\"ix\\":2},\\"o\\":{\\"a\\":1,\\"k\\":[{\\"i\\":{\\"x\\":[0.667],\\"y\\":[1]},\\"o\\":{\\"x\\":[0.219],\\"y\\":[0.001]},\\"n\\":[\\"0p667_1_0p219_0p001\\"],\\"t\\":0,\\"s\\":[0],\\"e\\":[360.025]},{\\"i\\":{\\"x\\":[0.667],\\"y\\":[1]},\\"o\\":{\\"x\\":[0.219],\\"y\\":[0.001]},\\"n\\":[\\"0p667_1_0p219_0p001\\"],\\"t\\":96,\\"s\\":[360.025],\\"e\\":[720]},{\\"i\\":{\\"x\\":[0.667],\\"y\\":[1]},\\"o\\":{\\"x\\":[0.219],\\"y\\":[0.001]},\\"n\\":[\\"0p667_1_0p219_0p001\\"],\\"t\\":191.6,\\"s\\":[720],\\"e\\":[1080]},{\\"i\\":{\\"x\\":[0.667],\\"y\\":[1]},\\"o\\":{\\"x\\":[0.219],\\"y\\":[0.001]},\\"n\\":[\\"0p667_1_0p219_0p001\\"],\\"t\\":287.4,\\"s\\":[1080],\\"e\\":[1440]},{\\"i\\":{\\"x\\":[0.474],\\"y\\":[1]},\\"o\\":{\\"x\\":[0.219],\\"y\\":[0.001]},\\"n\\":[\\"0p474_1_0p219_0p001\\"],\\"t\\":383.2,\\"s\\":[1440],\\"e\\":[1800]},{\\"t\\":479}],\\"ix\\":3},\\"m\\":1,\\"ix\\":2,\\"nm\\":\\"Trim Paths 1\\",\\"mn\\":\\"ADBE Vector Filter - Trim\\"},{\\"ty\\":\\"tr\\",\\"p\\":{\\"a\\":0,\\"k\\":[486.471,505.002],\\"ix\\":2},\\"a\\":{\\"a\\":0,\\"k\\":[0,0],\\"ix\\":1},\\"s\\":{\\"a\\":0,\\"k\\":[100,100],\\"ix\\":3},\\"r\\":{\\"a\\":0,\\"k\\":0,\\"ix\\":6},\\"o\\":{\\"a\\":0,\\"k\\":100,\\"ix\\":7},\\"sk\\":{\\"a\\":0,\\"k\\":0,\\"ix\\":4},\\"sa\\":{\\"a\\":0,\\"k\\":0,\\"ix\\":5},\\"nm\\":\\"Transform\\"}],\\"nm\\":\\"UP\\",\\"np\\":2,\\"cix\\":2,\\"ix\\":1,\\"mn\\":\\"ADBE Vector Group\\"},{\\"ty\\":\\"st\\",\\"c\\":{\\"a\\":0,\\"k\\":[0.043,0.514,0.004,1]},\\"o\\":{\\"a\\":0,\\"k\\":100},\\"w\\":{\\"a\\":0,\\"k\\":1},\\"lc\\":2,\\"lj\\":1,\\"ml\\":10,\\"nm\\":\\"Stroke 1\\",\\"mn\\":\\"ADBE Vector Graphic - Stroke\\"},{\\"ty\\":\\"tr\\",\\"p\\":{\\"a\\":0,\\"k\\":[486.42,515.975],\\"ix\\":2},\\"a\\":{\\"a\\":0,\\"k\\":[486.42,515.975],\\"ix\\":1},\\"s\\":{\\"a\\":0,\\"k\\":[100,100],\\"ix\\":3},\\"r\\":{\\"a\\":0,\\"k\\":0,\\"ix\\":6},\\"o\\":{\\"a\\":0,\\"k\\":100,\\"ix\\":7},\\"sk\\":{\\"a\\":0,\\"k\\":0,\\"ix\\":4},\\"sa\\":{\\"a\\":0,\\"k\\":0,\\"ix\\":5},\\"nm\\":\\"Transform\\"}],\\"nm\\":\\"Color_02\\",\\"np\\":2,\\"cix\\":2,\\"ix\\":2,\\"mn\\":\\"ADBE Vector Group\\"}],\\"ip\\":0,\\"op\\":480,\\"st\\":0,\\"bm\\":0,\\"sr\\":1},{\\"ddd\\":0,\\"ind\\":3,\\"ty\\":4,\\"nm\\":\\"UP_animation 2\\",\\"parent\\":1,\\"ks\\":{\\"o\\":{\\"a\\":0,\\"k\\":100},\\"r\\":{\\"a\\":1,\\"k\\":[{\\"i\\":{\\"x\\":[0.833],\\"y\\":[0.833]},\\"o\\":{\\"x\\":[0.167],\\"y\\":[0.167]},\\"n\\":[\\"0p833_0p833_0p167_0p167\\"],\\"t\\":0,\\"s\\":[-180],\\"e\\":[540]},{\\"t\\":479}]},\\"p\\":{\\"a\\":0,\\"k\\":[0,0,0]},\\"a\\":{\\"a\\":0,\\"k\\":[484.533,509.217,0]},\\"s\\":{\\"a\\":0,\\"k\\":[100,100,100]}},\\"ao\\":0,\\"shapes\\":[{\\"ty\\":\\"gr\\",\\"it\\":[{\\"ty\\":\\"gr\\",\\"it\\":[{\\"ind\\":0,\\"ty\\":\\"sh\\",\\"ix\\":1,\\"ks\\":{\\"a\\":0,\\"k\\":{\\"i\\":[[0,-100.397],[100.396,0],[0,100.397],[-100.395,0]],\\"o\\":[[0,100.397],[-100.396,0],[0,-100.397],[100.395,0]],\\"v\\":[[179.845,4.215],[-1.938,185.998],[-183.721,4.215],[-1.938,-177.569]],\\"c\\":true}},\\"nm\\":\\"Path 1\\",\\"mn\\":\\"ADBE Vector Shape - Group\\"},{\\"ty\\":\\"tm\\",\\"s\\":{\\"a\\":1,\\"k\\":[{\\"i\\":{\\"x\\":[0.667],\\"y\\":[1]},\\"o\\":{\\"x\\":[0.333],\\"y\\":[0]},\\"n\\":[\\"0p667_1_0p333_0\\"],\\"t\\":0,\\"s\\":[99.8],\\"e\\":[59]},{\\"i\\":{\\"x\\":[0.667],\\"y\\":[1]},\\"o\\":{\\"x\\":[0.333],\\"y\\":[0]},\\"n\\":[\\"0p667_1_0p333_0\\"],\\"t\\":59.875,\\"s\\":[59],\\"e\\":[99.8]},{\\"i\\":{\\"x\\":[0.667],\\"y\\":[1]},\\"o\\":{\\"x\\":[0.333],\\"y\\":[0]},\\"n\\":[\\"0p667_1_0p333_0\\"],\\"t\\":119.999,\\"s\\":[99.8],\\"e\\":[59]},{\\"i\\":{\\"x\\":[0.667],\\"y\\":[1]},\\"o\\":{\\"x\\":[0.333],\\"y\\":[0]},\\"n\\":[\\"0p667_1_0p333_0\\"],\\"t\\":179.625,\\"s\\":[59],\\"e\\":[99.8]},{\\"i\\":{\\"x\\":[0.667],\\"y\\":[1]},\\"o\\":{\\"x\\":[0.333],\\"y\\":[0]},\\"n\\":[\\"0p667_1_0p333_0\\"],\\"t\\":240,\\"s\\":[99.8],\\"e\\":[59]},{\\"i\\":{\\"x\\":[0.667],\\"y\\":[1]},\\"o\\":{\\"x\\":[0.333],\\"y\\":[0]},\\"n\\":[\\"0p667_1_0p333_0\\"],\\"t\\":299.375,\\"s\\":[59],\\"e\\":[99.8]},{\\"i\\":{\\"x\\":[0.667],\\"y\\":[1]},\\"o\\":{\\"x\\":[0.333],\\"y\\":[0]},\\"n\\":[\\"0p667_1_0p333_0\\"],\\"t\\":358.75,\\"s\\":[99.8],\\"e\\":[59]},{\\"i\\":{\\"x\\":[0.667],\\"y\\":[1]},\\"o\\":{\\"x\\":[0.333],\\"y\\":[0]},\\"n\\":[\\"0p667_1_0p333_0\\"],\\"t\\":419.125,\\"s\\":[59],\\"e\\":[99.8]},{\\"t\\":478.75}],\\"ix\\":1},\\"e\\":{\\"a\\":0,\\"k\\":100,\\"ix\\":2},\\"o\\":{\\"a\\":1,\\"k\\":[{\\"i\\":{\\"x\\":[0.667],\\"y\\":[1]},\\"o\\":{\\"x\\":[0.219],\\"y\\":[0.001]},\\"n\\":[\\"0p667_1_0p219_0p001\\"],\\"t\\":0,\\"s\\":[0],\\"e\\":[360.025]},{\\"i\\":{\\"x\\":[0.667],\\"y\\":[1]},\\"o\\":{\\"x\\":[0.219],\\"y\\":[0.001]},\\"n\\":[\\"0p667_1_0p219_0p001\\"],\\"t\\":119.999,\\"s\\":[360.025],\\"e\\":[720]},{\\"i\\":{\\"x\\":[0.667],\\"y\\":[1]},\\"o\\":{\\"x\\":[0.219],\\"y\\":[0.001]},\\"n\\":[\\"0p667_1_0p219_0p001\\"],\\"t\\":239.499,\\"s\\":[720],\\"e\\":[1080]},{\\"i\\":{\\"x\\":[0.667],\\"y\\":[1]},\\"o\\":{\\"x\\":[0.219],\\"y\\":[0.001]},\\"n\\":[\\"0p667_1_0p219_0p001\\"],\\"t\\":359.25,\\"s\\":[1080],\\"e\\":[1440]},{\\"t\\":479}],\\"ix\\":3},\\"m\\":1,\\"ix\\":2,\\"nm\\":\\"Trim Paths 1\\",\\"mn\\":\\"ADBE Vector Filter - Trim\\"},{\\"ty\\":\\"tr\\",\\"p\\":{\\"a\\":0,\\"k\\":[486.471,505.002],\\"ix\\":2},\\"a\\":{\\"a\\":0,\\"k\\":[0,0],\\"ix\\":1},\\"s\\":{\\"a\\":0,\\"k\\":[100,100],\\"ix\\":3},\\"r\\":{\\"a\\":0,\\"k\\":0,\\"ix\\":6},\\"o\\":{\\"a\\":0,\\"k\\":100,\\"ix\\":7},\\"sk\\":{\\"a\\":0,\\"k\\":0,\\"ix\\":4},\\"sa\\":{\\"a\\":0,\\"k\\":0,\\"ix\\":5},\\"nm\\":\\"Transform\\"}],\\"nm\\":\\"UP\\",\\"np\\":2,\\"cix\\":2,\\"ix\\":1,\\"mn\\":\\"ADBE Vector Group\\"},{\\"ty\\":\\"st\\",\\"c\\":{\\"a\\":0,\\"k\\":[0.216,0.906,0.925,1]},\\"o\\":{\\"a\\":0,\\"k\\":100},\\"w\\":{\\"a\\":0,\\"k\\":1},\\"lc\\":2,\\"lj\\":1,\\"ml\\":10,\\"nm\\":\\"Stroke 1\\",\\"mn\\":\\"ADBE Vector Graphic - Stroke\\"},{\\"ty\\":\\"tr\\",\\"p\\":{\\"a\\":0,\\"k\\":[486.42,515.975],\\"ix\\":2},\\"a\\":{\\"a\\":0,\\"k\\":[486.42,515.975],\\"ix\\":1},\\"s\\":{\\"a\\":0,\\"k\\":[100,100],\\"ix\\":3},\\"r\\":{\\"a\\":0,\\"k\\":0,\\"ix\\":6},\\"o\\":{\\"a\\":0,\\"k\\":100,\\"ix\\":7},\\"sk\\":{\\"a\\":0,\\"k\\":0,\\"ix\\":4},\\"sa\\":{\\"a\\":0,\\"k\\":0,\\"ix\\":5},\\"nm\\":\\"Transform\\"}],\\"nm\\":\\"Color_03\\",\\"np\\":2,\\"cix\\":2,\\"ix\\":1,\\"mn\\":\\"ADBE Vector Group\\"},{\\"ty\\":\\"gr\\",\\"it\\":[{\\"ty\\":\\"gr\\",\\"it\\":[{\\"ind\\":0,\\"ty\\":\\"sh\\",\\"ix\\":1,\\"ks\\":{\\"a\\":0,\\"k\\":{\\"i\\":[[0,-100.397],[100.396,0],[0,100.397],[-100.395,0]],\\"o\\":[[0,100.397],[-100.396,0],[0,-100.397],[100.395,0]],\\"v\\":[[179.845,4.215],[-1.938,185.998],[-183.721,4.215],[-1.938,-177.569]],\\"c\\":true}},\\"nm\\":\\"Path 1\\",\\"mn\\":\\"ADBE Vector Shape - Group\\"},{\\"ty\\":\\"tm\\",\\"s\\":{\\"a\\":1,\\"k\\":[{\\"i\\":{\\"x\\":[0.667],\\"y\\":[1]},\\"o\\":{\\"x\\":[0.333],\\"y\\":[0]},\\"n\\":[\\"0p667_1_0p333_0\\"],\\"t\\":0,\\"s\\":[99.8],\\"e\\":[59]},{\\"i\\":{\\"x\\":[0.667],\\"y\\":[1]},\\"o\\":{\\"x\\":[0.333],\\"y\\":[0]},\\"n\\":[\\"0p667_1_0p333_0\\"],\\"t\\":47.9,\\"s\\":[59],\\"e\\":[99.8]},{\\"i\\":{\\"x\\":[0.667],\\"y\\":[1]},\\"o\\":{\\"x\\":[0.333],\\"y\\":[0]},\\"n\\":[\\"0p667_1_0p333_0\\"],\\"t\\":96,\\"s\\":[99.8],\\"e\\":[59]},{\\"i\\":{\\"x\\":[0.667],\\"y\\":[1]},\\"o\\":{\\"x\\":[0.333],\\"y\\":[0]},\\"n\\":[\\"0p667_1_0p333_0\\"],\\"t\\":143.7,\\"s\\":[59],\\"e\\":[99.8]},{\\"i\\":{\\"x\\":[0.667],\\"y\\":[1]},\\"o\\":{\\"x\\":[0.333],\\"y\\":[0]},\\"n\\":[\\"0p667_1_0p333_0\\"],\\"t\\":192,\\"s\\":[99.8],\\"e\\":[59]},{\\"i\\":{\\"x\\":[0.667],\\"y\\":[1]},\\"o\\":{\\"x\\":[0.333],\\"y\\":[0]},\\"n\\":[\\"0p667_1_0p333_0\\"],\\"t\\":239.5,\\"s\\":[59],\\"e\\":[99.8]},{\\"i\\":{\\"x\\":[0.667],\\"y\\":[1]},\\"o\\":{\\"x\\":[0.333],\\"y\\":[0]},\\"n\\":[\\"0p667_1_0p333_0\\"],\\"t\\":287,\\"s\\":[99.8],\\"e\\":[59]},{\\"i\\":{\\"x\\":[0.667],\\"y\\":[1]},\\"o\\":{\\"x\\":[0.333],\\"y\\":[0]},\\"n\\":[\\"0p667_1_0p333_0\\"],\\"t\\":335.3,\\"s\\":[59],\\"e\\":[99.8]},{\\"i\\":{\\"x\\":[0.667],\\"y\\":[1]},\\"o\\":{\\"x\\":[0.333],\\"y\\":[0]},\\"n\\":[\\"0p667_1_0p333_0\\"],\\"t\\":383,\\"s\\":[99.8],\\"e\\":[59]},{\\"i\\":{\\"x\\":[0.667],\\"y\\":[1]},\\"o\\":{\\"x\\":[0.333],\\"y\\":[0]},\\"n\\":[\\"0p667_1_0p333_0\\"],\\"t\\":431.1,\\"s\\":[59],\\"e\\":[99.8]},{\\"t\\":479}],\\"ix\\":1},\\"e\\":{\\"a\\":0,\\"k\\":100,\\"ix\\":2},\\"o\\":{\\"a\\":1,\\"k\\":[{\\"i\\":{\\"x\\":[0.667],\\"y\\":[1]},\\"o\\":{\\"x\\":[0.219],\\"y\\":[0.001]},\\"n\\":[\\"0p667_1_0p219_0p001\\"],\\"t\\":0,\\"s\\":[0],\\"e\\":[360.025]},{\\"i\\":{\\"x\\":[0.667],\\"y\\":[1]},\\"o\\":{\\"x\\":[0.219],\\"y\\":[0.001]},\\"n\\":[\\"0p667_1_0p219_0p001\\"],\\"t\\":96,\\"s\\":[360.025],\\"e\\":[720]},{\\"i\\":{\\"x\\":[0.667],\\"y\\":[1]},\\"o\\":{\\"x\\":[0.219],\\"y\\":[0.001]},\\"n\\":[\\"0p667_1_0p219_0p001\\"],\\"t\\":191.6,\\"s\\":[720],\\"e\\":[1080]},{\\"i\\":{\\"x\\":[0.667],\\"y\\":[1]},\\"o\\":{\\"x\\":[0.219],\\"y\\":[0.001]},\\"n\\":[\\"0p667_1_0p219_0p001\\"],\\"t\\":287.4,\\"s\\":[1080],\\"e\\":[1440]},{\\"i\\":{\\"x\\":[0.474],\\"y\\":[1]},\\"o\\":{\\"x\\":[0.219],\\"y\\":[0.001]},\\"n\\":[\\"0p474_1_0p219_0p001\\"],\\"t\\":383.2,\\"s\\":[1440],\\"e\\":[1800]},{\\"t\\":479}],\\"ix\\":3},\\"m\\":1,\\"ix\\":2,\\"nm\\":\\"Trim Paths 1\\",\\"mn\\":\\"ADBE Vector Filter - Trim\\"},{\\"ty\\":\\"tr\\",\\"p\\":{\\"a\\":0,\\"k\\":[486.471,505.002],\\"ix\\":2},\\"a\\":{\\"a\\":0,\\"k\\":[0,0],\\"ix\\":1},\\"s\\":{\\"a\\":0,\\"k\\":[100,100],\\"ix\\":3},\\"r\\":{\\"a\\":0,\\"k\\":0,\\"ix\\":6},\\"o\\":{\\"a\\":0,\\"k\\":100,\\"ix\\":7},\\"sk\\":{\\"a\\":0,\\"k\\":0,\\"ix\\":4},\\"sa\\":{\\"a\\":0,\\"k\\":0,\\"ix\\":5},\\"nm\\":\\"Transform\\"}],\\"nm\\":\\"UP\\",\\"np\\":2,\\"cix\\":2,\\"ix\\":1,\\"mn\\":\\"ADBE Vector Group\\"},{\\"ty\\":\\"gs\\",\\"o\\":{\\"a\\":0,\\"k\\":100},\\"w\\":{\\"a\\":0,\\"k\\":1},\\"g\\":{\\"p\\":3,\\"k\\":{\\"a\\":0,\\"k\\":[0,0.216,0.925,0.729,0.5,0.331,0.806,0.778,1,0.447,0.686,0.827]}},\\"s\\":{\\"a\\":0,\\"k\\":[0,0]},\\"e\\":{\\"a\\":0,\\"k\\":[100,0]},\\"t\\":1,\\"lc\\":2,\\"lj\\":1,\\"ml\\":10,\\"nm\\":\\"Gradient Stroke 1\\",\\"mn\\":\\"ADBE Vector Graphic - G-Stroke\\"},{\\"ty\\":\\"tr\\",\\"p\\":{\\"a\\":0,\\"k\\":[486.42,515.975],\\"ix\\":2},\\"a\\":{\\"a\\":0,\\"k\\":[486.42,515.975],\\"ix\\":1},\\"s\\":{\\"a\\":0,\\"k\\":[100,100],\\"ix\\":3},\\"r\\":{\\"a\\":0,\\"k\\":0,\\"ix\\":6},\\"o\\":{\\"a\\":0,\\"k\\":100,\\"ix\\":7},\\"sk\\":{\\"a\\":0,\\"k\\":0,\\"ix\\":4},\\"sa\\":{\\"a\\":0,\\"k\\":0,\\"ix\\":5},\\"nm\\":\\"Transform\\"}],\\"nm\\":\\"Color_02\\",\\"np\\":2,\\"cix\\":2,\\"ix\\":2,\\"mn\\":\\"ADBE Vector Group\\"}],\\"ip\\":0,\\"op\\":480,\\"st\\":0,\\"bm\\":0,\\"sr\\":1},{\\"ddd\\":0,\\"ind\\":4,\\"ty\\":4,\\"nm\\":\\"UP_animation\\",\\"parent\\":1,\\"ks\\":{\\"o\\":{\\"a\\":0,\\"k\\":100},\\"r\\":{\\"a\\":1,\\"k\\":[{\\"i\\":{\\"x\\":[0.833],\\"y\\":[0.833]},\\"o\\":{\\"x\\":[0.167],\\"y\\":[0.167]},\\"n\\":[\\"0p833_0p833_0p167_0p167\\"],\\"t\\":0,\\"s\\":[0],\\"e\\":[720]},{\\"t\\":479}]},\\"p\\":{\\"a\\":0,\\"k\\":[0,0,0]},\\"a\\":{\\"a\\":0,\\"k\\":[484.533,509.217,0]},\\"s\\":{\\"a\\":0,\\"k\\":[100,100,100]}},\\"ao\\":0,\\"shapes\\":[{\\"ty\\":\\"gr\\",\\"it\\":[{\\"ty\\":\\"gr\\",\\"it\\":[{\\"ind\\":0,\\"ty\\":\\"sh\\",\\"ix\\":1,\\"ks\\":{\\"a\\":0,\\"k\\":{\\"i\\":[[0,-89.559],[89.558,0],[0,89.559],[-89.558,0]],\\"o\\":[[0,89.559],[-89.558,0],[0,-89.559],[89.558,0]],\\"v\\":[[160.222,4.215],[-1.938,166.375],[-164.098,4.215],[-1.938,-157.945]],\\"c\\":true}},\\"nm\\":\\"Path 1\\",\\"mn\\":\\"ADBE Vector Shape - Group\\"},{\\"ty\\":\\"tm\\",\\"s\\":{\\"a\\":1,\\"k\\":[{\\"i\\":{\\"x\\":[0.667],\\"y\\":[1]},\\"o\\":{\\"x\\":[0.333],\\"y\\":[0]},\\"n\\":[\\"0p667_1_0p333_0\\"],\\"t\\":0,\\"s\\":[99.8],\\"e\\":[59]},{\\"i\\":{\\"x\\":[0.667],\\"y\\":[1]},\\"o\\":{\\"x\\":[0.333],\\"y\\":[0]},\\"n\\":[\\"0p667_1_0p333_0\\"],\\"t\\":59.875,\\"s\\":[59],\\"e\\":[99.8]},{\\"i\\":{\\"x\\":[0.667],\\"y\\":[1]},\\"o\\":{\\"x\\":[0.333],\\"y\\":[0]},\\"n\\":[\\"0p667_1_0p333_0\\"],\\"t\\":119.999,\\"s\\":[99.8],\\"e\\":[59]},{\\"i\\":{\\"x\\":[0.667],\\"y\\":[1]},\\"o\\":{\\"x\\":[0.333],\\"y\\":[0]},\\"n\\":[\\"0p667_1_0p333_0\\"],\\"t\\":179.625,\\"s\\":[59],\\"e\\":[99.8]},{\\"i\\":{\\"x\\":[0.667],\\"y\\":[1]},\\"o\\":{\\"x\\":[0.333],\\"y\\":[0]},\\"n\\":[\\"0p667_1_0p333_0\\"],\\"t\\":240,\\"s\\":[99.8],\\"e\\":[59]},{\\"i\\":{\\"x\\":[0.667],\\"y\\":[1]},\\"o\\":{\\"x\\":[0.333],\\"y\\":[0]},\\"n\\":[\\"0p667_1_0p333_0\\"],\\"t\\":299.375,\\"s\\":[59],\\"e\\":[99.8]},{\\"i\\":{\\"x\\":[0.667],\\"y\\":[1]},\\"o\\":{\\"x\\":[0.333],\\"y\\":[0]},\\"n\\":[\\"0p667_1_0p333_0\\"],\\"t\\":358.75,\\"s\\":[99.8],\\"e\\":[59]},{\\"i\\":{\\"x\\":[0.667],\\"y\\":[1]},\\"o\\":{\\"x\\":[0.333],\\"y\\":[0]},\\"n\\":[\\"0p667_1_0p333_0\\"],\\"t\\":419.125,\\"s\\":[59],\\"e\\":[99.8]},{\\"t\\":478.75}],\\"ix\\":1},\\"e\\":{\\"a\\":0,\\"k\\":100,\\"ix\\":2},\\"o\\":{\\"a\\":1,\\"k\\":[{\\"i\\":{\\"x\\":[0.667],\\"y\\":[1]},\\"o\\":{\\"x\\":[0.219],\\"y\\":[0.001]},\\"n\\":[\\"0p667_1_0p219_0p001\\"],\\"t\\":0,\\"s\\":[0],\\"e\\":[360.025]},{\\"i\\":{\\"x\\":[0.667],\\"y\\":[1]},\\"o\\":{\\"x\\":[0.219],\\"y\\":[0.001]},\\"n\\":[\\"0p667_1_0p219_0p001\\"],\\"t\\":119.999,\\"s\\":[360.025],\\"e\\":[720]},{\\"i\\":{\\"x\\":[0.667],\\"y\\":[1]},\\"o\\":{\\"x\\":[0.219],\\"y\\":[0.001]},\\"n\\":[\\"0p667_1_0p219_0p001\\"],\\"t\\":239.499,\\"s\\":[720],\\"e\\":[1080]},{\\"i\\":{\\"x\\":[0.667],\\"y\\":[1]},\\"o\\":{\\"x\\":[0.219],\\"y\\":[0.001]},\\"n\\":[\\"0p667_1_0p219_0p001\\"],\\"t\\":359.25,\\"s\\":[1080],\\"e\\":[1440]},{\\"t\\":479}],\\"ix\\":3},\\"m\\":1,\\"ix\\":2,\\"nm\\":\\"Trim Paths 1\\",\\"mn\\":\\"ADBE Vector Filter - Trim\\"},{\\"ty\\":\\"tr\\",\\"p\\":{\\"a\\":0,\\"k\\":[486.471,505.002],\\"ix\\":2},\\"a\\":{\\"a\\":0,\\"k\\":[0,0],\\"ix\\":1},\\"s\\":{\\"a\\":0,\\"k\\":[100,100],\\"ix\\":3},\\"r\\":{\\"a\\":0,\\"k\\":0,\\"ix\\":6},\\"o\\":{\\"a\\":0,\\"k\\":100,\\"ix\\":7},\\"sk\\":{\\"a\\":0,\\"k\\":0,\\"ix\\":4},\\"sa\\":{\\"a\\":0,\\"k\\":0,\\"ix\\":5},\\"nm\\":\\"Transform\\"}],\\"nm\\":\\"UP\\",\\"np\\":2,\\"cix\\":2,\\"ix\\":1,\\"mn\\":\\"ADBE Vector Group\\"},{\\"ty\\":\\"gs\\",\\"o\\":{\\"a\\":0,\\"k\\":100},\\"w\\":{\\"a\\":0,\\"k\\":19},\\"g\\":{\\"p\\":3,\\"k\\":{\\"a\\":0,\\"k\\":[0,0.216,0.925,0.729,0.5,0.331,0.806,0.778,1,0.447,0.686,0.827]}},\\"s\\":{\\"a\\":0,\\"k\\":[646.337,515.026]},\\"e\\":{\\"a\\":0,\\"k\\":[486.323,514.692]},\\"t\\":1,\\"lc\\":2,\\"lj\\":1,\\"ml\\":10,\\"nm\\":\\"Gradient Stroke 1\\",\\"mn\\":\\"ADBE Vector Graphic - G-Stroke\\"},{\\"ty\\":\\"tr\\",\\"p\\":{\\"a\\":0,\\"k\\":[486.42,515.975],\\"ix\\":2},\\"a\\":{\\"a\\":0,\\"k\\":[486.42,515.975],\\"ix\\":1},\\"s\\":{\\"a\\":0,\\"k\\":[100,100],\\"ix\\":3},\\"r\\":{\\"a\\":0,\\"k\\":0,\\"ix\\":6},\\"o\\":{\\"a\\":0,\\"k\\":100,\\"ix\\":7},\\"sk\\":{\\"a\\":0,\\"k\\":0,\\"ix\\":4},\\"sa\\":{\\"a\\":0,\\"k\\":0,\\"ix\\":5},\\"nm\\":\\"Transform\\"}],\\"nm\\":\\"Color_03\\",\\"np\\":2,\\"cix\\":2,\\"ix\\":1,\\"mn\\":\\"ADBE Vector Group\\"},{\\"ty\\":\\"gr\\",\\"it\\":[{\\"ty\\":\\"gr\\",\\"it\\":[{\\"ind\\":0,\\"ty\\":\\"sh\\",\\"ix\\":1,\\"ks\\":{\\"a\\":0,\\"k\\":{\\"i\\":[[0,-89.559],[89.558,0],[0,89.559],[-89.558,0]],\\"o\\":[[0,89.559],[-89.558,0],[0,-89.559],[89.558,0]],\\"v\\":[[160.222,4.215],[-1.938,166.375],[-164.098,4.215],[-1.938,-157.945]],\\"c\\":true}},\\"nm\\":\\"Path 1\\",\\"mn\\":\\"ADBE Vector Shape - Group\\"},{\\"ty\\":\\"tm\\",\\"s\\":{\\"a\\":1,\\"k\\":[{\\"i\\":{\\"x\\":[0.667],\\"y\\":[1]},\\"o\\":{\\"x\\":[0.333],\\"y\\":[0]},\\"n\\":[\\"0p667_1_0p333_0\\"],\\"t\\":0,\\"s\\":[99.8],\\"e\\":[59]},{\\"i\\":{\\"x\\":[0.667],\\"y\\":[1]},\\"o\\":{\\"x\\":[0.333],\\"y\\":[0]},\\"n\\":[\\"0p667_1_0p333_0\\"],\\"t\\":47.9,\\"s\\":[59],\\"e\\":[99.8]},{\\"i\\":{\\"x\\":[0.667],\\"y\\":[1]},\\"o\\":{\\"x\\":[0.333],\\"y\\":[0]},\\"n\\":[\\"0p667_1_0p333_0\\"],\\"t\\":96,\\"s\\":[99.8],\\"e\\":[59]},{\\"i\\":{\\"x\\":[0.667],\\"y\\":[1]},\\"o\\":{\\"x\\":[0.333],\\"y\\":[0]},\\"n\\":[\\"0p667_1_0p333_0\\"],\\"t\\":143.7,\\"s\\":[59],\\"e\\":[99.8]},{\\"i\\":{\\"x\\":[0.667],\\"y\\":[1]},\\"o\\":{\\"x\\":[0.333],\\"y\\":[0]},\\"n\\":[\\"0p667_1_0p333_0\\"],\\"t\\":192,\\"s\\":[99.8],\\"e\\":[59]},{\\"i\\":{\\"x\\":[0.667],\\"y\\":[1]},\\"o\\":{\\"x\\":[0.333],\\"y\\":[0]},\\"n\\":[\\"0p667_1_0p333_0\\"],\\"t\\":239.5,\\"s\\":[59],\\"e\\":[99.8]},{\\"i\\":{\\"x\\":[0.667],\\"y\\":[1]},\\"o\\":{\\"x\\":[0.333],\\"y\\":[0]},\\"n\\":[\\"0p667_1_0p333_0\\"],\\"t\\":287,\\"s\\":[99.8],\\"e\\":[59]},{\\"i\\":{\\"x\\":[0.667],\\"y\\":[1]},\\"o\\":{\\"x\\":[0.333],\\"y\\":[0]},\\"n\\":[\\"0p667_1_0p333_0\\"],\\"t\\":335.3,\\"s\\":[59],\\"e\\":[99.8]},{\\"i\\":{\\"x\\":[0.667],\\"y\\":[1]},\\"o\\":{\\"x\\":[0.333],\\"y\\":[0]},\\"n\\":[\\"0p667_1_0p333_0\\"],\\"t\\":383,\\"s\\":[99.8],\\"e\\":[59]},{\\"i\\":{\\"x\\":[0.667],\\"y\\":[1]},\\"o\\":{\\"x\\":[0.333],\\"y\\":[0]},\\"n\\":[\\"0p667_1_0p333_0\\"],\\"t\\":431.1,\\"s\\":[59],\\"e\\":[99.8]},{\\"t\\":479}],\\"ix\\":1},\\"e\\":{\\"a\\":0,\\"k\\":100,\\"ix\\":2},\\"o\\":{\\"a\\":1,\\"k\\":[{\\"i\\":{\\"x\\":[0.667],\\"y\\":[1]},\\"o\\":{\\"x\\":[0.219],\\"y\\":[0.001]},\\"n\\":[\\"0p667_1_0p219_0p001\\"],\\"t\\":0,\\"s\\":[0],\\"e\\":[360.025]},{\\"i\\":{\\"x\\":[0.667],\\"y\\":[1]},\\"o\\":{\\"x\\":[0.219],\\"y\\":[0.001]},\\"n\\":[\\"0p667_1_0p219_0p001\\"],\\"t\\":96,\\"s\\":[360.025],\\"e\\":[720]},{\\"i\\":{\\"x\\":[0.667],\\"y\\":[1]},\\"o\\":{\\"x\\":[0.219],\\"y\\":[0.001]},\\"n\\":[\\"0p667_1_0p219_0p001\\"],\\"t\\":191.6,\\"s\\":[720],\\"e\\":[1080]},{\\"i\\":{\\"x\\":[0.667],\\"y\\":[1]},\\"o\\":{\\"x\\":[0.219],\\"y\\":[0.001]},\\"n\\":[\\"0p667_1_0p219_0p001\\"],\\"t\\":287.4,\\"s\\":[1080],\\"e\\":[1440]},{\\"i\\":{\\"x\\":[0.474],\\"y\\":[1]},\\"o\\":{\\"x\\":[0.219],\\"y\\":[0.001]},\\"n\\":[\\"0p474_1_0p219_0p001\\"],\\"t\\":383.2,\\"s\\":[1440],\\"e\\":[1800]},{\\"t\\":479}],\\"ix\\":3},\\"m\\":1,\\"ix\\":2,\\"nm\\":\\"Trim Paths 1\\",\\"mn\\":\\"ADBE Vector Filter - Trim\\"},{\\"ty\\":\\"tr\\",\\"p\\":{\\"a\\":0,\\"k\\":[486.471,505.002],\\"ix\\":2},\\"a\\":{\\"a\\":0,\\"k\\":[0,0],\\"ix\\":1},\\"s\\":{\\"a\\":0,\\"k\\":[100,100],\\"ix\\":3},\\"r\\":{\\"a\\":0,\\"k\\":0,\\"ix\\":6},\\"o\\":{\\"a\\":0,\\"k\\":100,\\"ix\\":7},\\"sk\\":{\\"a\\":0,\\"k\\":0,\\"ix\\":4},\\"sa\\":{\\"a\\":0,\\"k\\":0,\\"ix\\":5},\\"nm\\":\\"Transform\\"}],\\"nm\\":\\"UP\\",\\"np\\":2,\\"cix\\":2,\\"ix\\":1,\\"mn\\":\\"ADBE Vector Group\\"},{\\"ty\\":\\"st\\",\\"c\\":{\\"a\\":0,\\"k\\":[0.827,0,0.722,1]},\\"o\\":{\\"a\\":0,\\"k\\":100},\\"w\\":{\\"a\\":0,\\"k\\":19},\\"lc\\":2,\\"lj\\":1,\\"ml\\":10,\\"nm\\":\\"Stroke 1\\",\\"mn\\":\\"ADBE Vector Graphic - Stroke\\"},{\\"ty\\":\\"tr\\",\\"p\\":{\\"a\\":0,\\"k\\":[486.42,515.975],\\"ix\\":2},\\"a\\":{\\"a\\":0,\\"k\\":[486.42,515.975],\\"ix\\":1},\\"s\\":{\\"a\\":0,\\"k\\":[100,100],\\"ix\\":3},\\"r\\":{\\"a\\":0,\\"k\\":0,\\"ix\\":6},\\"o\\":{\\"a\\":0,\\"k\\":100,\\"ix\\":7},\\"sk\\":{\\"a\\":0,\\"k\\":0,\\"ix\\":4},\\"sa\\":{\\"a\\":0,\\"k\\":0,\\"ix\\":5},\\"nm\\":\\"Transform\\"}],\\"nm\\":\\"Color_02\\",\\"np\\":2,\\"cix\\":2,\\"ix\\":2,\\"mn\\":\\"ADBE Vector Group\\"}],\\"ip\\":0,\\"op\\":480,\\"st\\":0,\\"bm\\":0,\\"sr\\":1}]}"
          speed={1}
          style={
            Object {
              "aspectRatio": 1,
              "height": 75,
              "width": 75,
            }
          }
        />
      </View>
    </View>
    <View
      style={
        Object {
          "borderRadius": 3,
          "margin": 20,
        }
      }
    >
      <View
        accessible={true}
        clickable={true}
        isTVSelectable={true}
        onClick={[Function]}
        onResponderGrant={[Function]}
        onResponderMove={[Function]}
        onResponderRelease={[Function]}
        onResponderTerminate={[Function]}
        onResponderTerminationRequest={[Function]}
        onStartShouldSetResponder={[Function]}
        style={
          Object {
            "opacity": 1,
          }
        }
      >
        <View
          style={
            Object {
              "alignItems": "center",
              "backgroundColor": "#2089dc",
              "borderColor": "#2089dc",
              "borderRadius": 3,
              "borderWidth": 0,
              "flexDirection": "row",
              "justifyContent": "center",
              "padding": 8,
            }
          }
        >
          <Text
            style={
              Object {
                "color": "white",
                "fontSize": 18,
                "paddingBottom": 1,
                "paddingTop": 2,
                "textAlign": "center",
              }
            }
          >
            Logout
          </Text>
        </View>
      </View>
    </View>
  </View>
</View>
`;
